Component: ARM Compiler 6.14.1 Tool: armlink [5db06d00]

==============================================================================

Section Cross References

    delay.o(RESET) refers to delay.o(STACK) for __initial_sp
    delay.o(RESET) refers to delay.o(.text) for Reset_Handler


==============================================================================

Image Symbol Table

    Local Symbols

    Symbol Name                              Value     Ov Type        Size  Object(Section)

    delay.s                                  0x00000000   Number         0  delay.o ABSOLUTE
    RESET                                    0x08000000   Section       16  delay.o(RESET)
    .text                                    0x08000010   Section       18  delay.o(.text)
    STACK                                    0x20000000   Section     1024  delay.o(STACK)
    __initial_sp                             0x20000400   Data           0  delay.o(STACK)

    Global Symbols

    Symbol Name                              Value     Ov Type        Size  Object(Section)

    BuildAttributes$$THM_ISAv3M$S$A:L22$X:L11$S22$IEEE1$~IW$USESV6$~STKCKD$USESV7$~SHL$OSPACE$EBA8$STANDARDLIB$PRES8$EABIv2 0x00000000   Number         0  anon$$obj.o ABSOLUTE
    __Vectors                                0x08000000   Data           0  delay.o(RESET)
    NMI_Handler                              0x08000011   Thumb Code     2  delay.o(.text)
    HardFault_Handler                        0x08000013   Thumb Code     2  delay.o(.text)
    Reset_Handler                            0x08000015   Thumb Code    14  delay.o(.text)



==============================================================================

Memory Map of the image

  Image Entry point : 0x08000015

  Load Region LR_1 (Base: 0x08000000, Size: 0x00000024, Max: 0xffffffff, ABSOLUTE)

    Execution Region ER_RO (Exec base: 0x08000000, Load base: 0x08000000, Size: 0x00000024, Max: 0xffffffff, ABSOLUTE)

    Exec Addr    Load Addr    Size         Type   Attr      Idx    E Section Name        Object

    0x08000000   0x08000000   0x00000010   Data   RO            2    RESET               delay.o
    0x08000010   0x08000010   0x00000012   Code   RO            3  * .text               delay.o


    Execution Region ER_RW (Exec base: 0x20000000, Load base: 0x08000024, Size: 0x00000000, Max: 0xffffffff, ABSOLUTE)

    **** No section assigned to this execution region ****


    Execution Region ER_ZI (Exec base: 0x20000000, Load base: 0x08000024, Size: 0x00000400, Max: 0xffffffff, ABSOLUTE)

    Exec Addr    Load Addr    Size         Type   Attr      Idx    E Section Name        Object

    0x20000000        -       0x00000400   Zero   RW            1    STACK               delay.o


==============================================================================

Image component sizes


      Code (inc. data)   RO Data    RW Data    ZI Data      Debug   Object Name

        18          0         16          0       1024        396   delay.o

    ----------------------------------------------------------------------
        20          0         16          0       1024        396   Object Totals
         0          0          0          0          0          0   (incl. Generated)
         2          0          0          0          0          0   (incl. Padding)

    ----------------------------------------------------------------------
         0          0          0          0          0          0   Library Totals
         0          0          0          0          0          0   (incl. Padding)

    ----------------------------------------------------------------------

==============================================================================


      Code (inc. data)   RO Data    RW Data    ZI Data      Debug   

        20          0         16          0       1024        396   Grand Totals
        20          0         16          0       1024        396   ELF Image Totals
        20          0         16          0          0          0   ROM Totals

==============================================================================

    Total RO  Size (Code + RO Data)                   36 (   0.04kB)
    Total RW  Size (RW Data + ZI Data)              1024 (   1.00kB)
    Total ROM Size (Code + RO Data + RW Data)         36 (   0.04kB)

==============================================================================

