Component: ARM Compiler 6.14.1 Tool: armlink [5db06d00]

==============================================================================

Section Cross References

    p4.o(RESET) refers to p4.o(STACK) for __initial_sp
    p4.o(RESET) refers to p4.o(.text) for Reset_Handler


==============================================================================

Image Symbol Table

    Local Symbols

    Symbol Name                              Value     Ov Type        Size  Object(Section)

    p4.s                                     0x00000000   Number         0  p4.o ABSOLUTE
    RESET                                    0x08000000   Section       16  p4.o(RESET)
    .text                                    0x08000010   Section       92  p4.o(.text)
    STACK                                    0x20000000   Section     1024  p4.o(STACK)
    __initial_sp                             0x20000400   Data           0  p4.o(STACK)

    Global Symbols

    Symbol Name                              Value     Ov Type        Size  Object(Section)

    BuildAttributes$$THM_ISAv3M$S$A:L22$X:L11$S22$IEEE1$~IW$USESV6$~STKCKD$USESV7$~SHL$OSPACE$EBA8$STANDARDLIB$PRES8$EABIv2 0x00000000   Number         0  anon$$obj.o ABSOLUTE
    __Vectors                                0x08000000   Data           0  p4.o(RESET)
    NMI_Handler                              0x08000011   Thumb Code     2  p4.o(.text)
    HardFault_Handler                        0x08000013   Thumb Code     2  p4.o(.text)
    Reset_Handler                            0x08000015   Thumb Code    58  p4.o(.text)



==============================================================================

Memory Map of the image

  Image Entry point : 0x08000015

  Load Region LR_1 (Base: 0x08000000, Size: 0x0000006c, Max: 0xffffffff, ABSOLUTE)

    Execution Region ER_RO (Exec base: 0x08000000, Load base: 0x08000000, Size: 0x0000006c, Max: 0xffffffff, ABSOLUTE)

    Exec Addr    Load Addr    Size         Type   Attr      Idx    E Section Name        Object

    0x08000000   0x08000000   0x00000010   Data   RO            2    RESET               p4.o
    0x08000010   0x08000010   0x0000005c   Code   RO            3  * .text               p4.o


    Execution Region ER_RW (Exec base: 0x20000000, Load base: 0x0800006c, Size: 0x00000000, Max: 0xffffffff, ABSOLUTE)

    **** No section assigned to this execution region ****


    Execution Region ER_ZI (Exec base: 0x20000000, Load base: 0x0800006c, Size: 0x00000400, Max: 0xffffffff, ABSOLUTE)

    Exec Addr    Load Addr    Size         Type   Attr      Idx    E Section Name        Object

    0x20000000        -       0x00000400   Zero   RW            1    STACK               p4.o


==============================================================================

Image component sizes


      Code (inc. data)   RO Data    RW Data    ZI Data      Debug   Object Name

        92         30         16          0       1024        416   p4.o

    ----------------------------------------------------------------------
        92         30         16          0       1024        416   Object Totals
         0          0          0          0          0          0   (incl. Generated)
         0          0          0          0          0          0   (incl. Padding)

    ----------------------------------------------------------------------
         0          0          0          0          0          0   Library Totals
         0          0          0          0          0          0   (incl. Padding)

    ----------------------------------------------------------------------

==============================================================================


      Code (inc. data)   RO Data    RW Data    ZI Data      Debug   

        92         30         16          0       1024        416   Grand Totals
        92         30         16          0       1024        416   ELF Image Totals
        92         30         16          0          0          0   ROM Totals

==============================================================================

    Total RO  Size (Code + RO Data)                  108 (   0.11kB)
    Total RW  Size (RW Data + ZI Data)              1024 (   1.00kB)
    Total ROM Size (Code + RO Data + RW Data)        108 (   0.11kB)

==============================================================================

