Component: ARM Compiler 6.14.1 Tool: armlink [5db06d00]

==============================================================================

Section Cross References

    p3.o(RESET) refers to p3.o(STACK) for __initial_sp
    p3.o(RESET) refers to p3.o(.text) for Reset_Handler


==============================================================================

Image Symbol Table

    Local Symbols

    Symbol Name                              Value     Ov Type        Size  Object(Section)

    p3.s                                     0x00000000   Number         0  p3.o ABSOLUTE
    RESET                                    0x08000000   Section       16  p3.o(RESET)
    .text                                    0x08000010   Section      172  p3.o(.text)
    STACK                                    0x20000000   Section     1024  p3.o(STACK)
    __initial_sp                             0x20000400   Data           0  p3.o(STACK)

    Global Symbols

    Symbol Name                              Value     Ov Type        Size  Object(Section)

    BuildAttributes$$THM_ISAv3M$S$A:L22$X:L11$S22$IEEE1$~IW$USESV6$~STKCKD$USESV7$~SHL$OSPACE$EBA8$STANDARDLIB$PRES8$EABIv2 0x00000000   Number         0  anon$$obj.o ABSOLUTE
    __Vectors                                0x08000000   Data           0  p3.o(RESET)
    NMI_Handler                              0x08000011   Thumb Code     2  p3.o(.text)
    HardFault_Handler                        0x08000013   Thumb Code     2  p3.o(.text)
    Reset_Handler                            0x08000015   Thumb Code     0  p3.o(.text)



==============================================================================

Memory Map of the image

  Image Entry point : 0x08000015

  Load Region LR_1 (Base: 0x08000000, Size: 0x000000bc, Max: 0xffffffff, ABSOLUTE)

    Execution Region ER_RO (Exec base: 0x08000000, Load base: 0x08000000, Size: 0x000000bc, Max: 0xffffffff, ABSOLUTE)

    Exec Addr    Load Addr    Size         Type   Attr      Idx    E Section Name        Object

    0x08000000   0x08000000   0x00000010   Data   RO            2    RESET               p3.o
    0x08000010   0x08000010   0x000000ac   Code   RO            3  * .text               p3.o


    Execution Region ER_RW (Exec base: 0x20000000, Load base: 0x080000bc, Size: 0x00000000, Max: 0xffffffff, ABSOLUTE)

    **** No section assigned to this execution region ****


    Execution Region ER_ZI (Exec base: 0x20000000, Load base: 0x080000bc, Size: 0x00000400, Max: 0xffffffff, ABSOLUTE)

    Exec Addr    Load Addr    Size         Type   Attr      Idx    E Section Name        Object

    0x20000000        -       0x00000400   Zero   RW            1    STACK               p3.o


==============================================================================

Image component sizes


      Code (inc. data)   RO Data    RW Data    ZI Data      Debug   Object Name

       172         52         16          0       1024        444   p3.o

    ----------------------------------------------------------------------
       172         52         16          0       1024        444   Object Totals
         0          0          0          0          0          0   (incl. Generated)
         0          0          0          0          0          0   (incl. Padding)

    ----------------------------------------------------------------------
         0          0          0          0          0          0   Library Totals
         0          0          0          0          0          0   (incl. Padding)

    ----------------------------------------------------------------------

==============================================================================


      Code (inc. data)   RO Data    RW Data    ZI Data      Debug   

       172         52         16          0       1024        444   Grand Totals
       172         52         16          0       1024        444   ELF Image Totals
       172         52         16          0          0          0   ROM Totals

==============================================================================

    Total RO  Size (Code + RO Data)                  188 (   0.18kB)
    Total RW  Size (RW Data + ZI Data)              1024 (   1.00kB)
    Total ROM Size (Code + RO Data + RW Data)        188 (   0.18kB)

==============================================================================

